#-----------------------------------------------------------
# Vivado v2018.2 (64-bit)
# SW Build 2258646 on Thu Jun 14 20:03:12 MDT 2018
# IP Build 2256618 on Thu Jun 14 22:10:49 MDT 2018
# Start of session at: Wed Nov 17 12:45:15 2021
# Process ID: 19348
# Current directory: C:/Users/ali11/Desktop/Single Cycle Hardware
# Command line: vivado.exe -gui_launcher_event rodinguilauncherevent1952 C:\Users\ali11\Desktop\Single Cycle Hardware\Single Cycle Hardware.xpr
# Log file: C:/Users/ali11/Desktop/Single Cycle Hardware/vivado.log
# Journal file: C:/Users/ali11/Desktop/Single Cycle Hardware\vivado.jou
#-----------------------------------------------------------
start_gui
oopen_project {C:/Users/ali11/Desktop/Single Cycle Hardware/Single Cycle Hardware.xpr}
update_compile_order -fileset sources_1
launch_simulation
source simulation.tcl
current_wave_config {Untitled 1}
add_wave {{/simulation/dut/rf/x10}} {{/simulation/dut/rf/x11}} 
relaunch_sim
relaunch_sim
update_compile_order -fileset sources_1
close_sim
launch_simulation
source simulation.tcl
current_wave_config {}
add_wave {{/simulation/dut/rf/x10}} {{/simulation/dut/rf/x11}} 
relaunch_sim
relaunch_sim
current_wave_config {Untitled 2}
add_wave {{/simulation/dut/Instruction}} 
relaunch_sim
relaunch_sim
current_wave_config {Untitled 2}
add_wave {{/simulation/dut/xpm_memory_spram_inst/addra}} 
relaunch_sim
relaunch_sim
relaunch_sim
relaunch_sim
current_wave_config {Untitled 2}
add_wave {{/simulation/dut/rf/x8}} {{/simulation/dut/rf/x9}} 
relaunch_sim
current_wave_config {Untitled 2}
add_wave {{/simulation/dut/bcond/br_taken}} {{/simulation/dut/bcond/br_type}} 
relaunch_sim
relaunch_sim
# Disabling source management mode.  This is to allow the top design properties to be set without GUI intervention.
set_property source_mgmt_mode None [current_project]
set_property top simulation_hardware [get_filesets sim_1]
set_property top_lib xil_defaultlib [get_filesets sim_1]
# Re-enabling previously disabled source management mode.
set_property source_mgmt_mode All [current_project]
launch_simulation
source simulation_hardware.tcl
update_compile_order -fileset sim_1
reset_run synth_1
launch_runs impl_1 -to_step write_bitstream -jobs 12
wait_on_run impl_1
current_sim simulation_2
close_sim
close_sim
reset_run synth_1
launch_runs impl_1 -to_step write_bitstream -jobs 12
wait_on_run impl_1
open_run impl_1
cd C:/Users/ali11/Desktop/Single\ Cycle\ Hardware/Single Cycle Hardware.runs/impl_1
cd C:/Users/ali11/Desktop/Single\ Cycle\ Hardware/Single\ Cycle\ Hardware.runs/impl_1
updatemem -force -debug -bit top_hardware.bit -meminfo ram.mmi -data ../../Single\ Cycle\ Hardware.srcs/sources_1/imports/srcs/instruction_mem.mem -proc xpm_memory_spram_inst/xpm_memory_base_inst -out out.bit
updatemem -force -debug -bit top_hardware.bit -meminfo top_hardware.mmi -data ../../Single\ Cycle\ Hardware.srcs/sources_1/imports/srcs/instruction_mem.mem -proc xpm_memory_spram_inst/xpm_memory_base_inst -out out.bit
updatemem -force -debug -bit top_hardware.bit -meminfo top_hardware.mmi -data ../../Single\ Cycle\ Hardware.srcs/sources_1/imports/srcs/instruction_mem.mem -proc t1/xpm_memory_spram_inst/xpm_memory_base_inst -out out.bit
