#-----------------------------------------------------------
# updatemem v2018.2 (64-bit)
# SW Build 2258646 on Thu Jun 14 20:03:12 MDT 2018
# IP Build 2256618 on Thu Jun 14 22:10:49 MDT 2018
# Start of session at: Thu Nov 18 13:00:43 2021
# Process ID: 13680
# Current directory: C:/Users/ali11/Desktop/Single Cycle Hardware/Single Cycle Hardware.runs/impl_1
# Command line: updatemem.exe -mode batch -source D:/Windows/Softwares/Xilinx/Vivado/2018.2/scripts/updatemem/main.tcl -notrace -tclargs -meminfo top_hardware.mmi -data instruction_mem.mem -proc xpm_memory_spram_inst/xpm_memory_base_inst -bit top_hardware.bit -out out.bit -force -debug
# Log file: C:/Users/ali11/Desktop/Single Cycle Hardware/Single Cycle Hardware.runs/impl_1/updatemem.log
# Journal file: C:/Users/ali11/Desktop/Single Cycle Hardware/Single Cycle Hardware.runs/impl_1\updatemem.jou
#-----------------------------------------------------------
source D:/Windows/Softwares/Xilinx/Vivado/2018.2/scripts/updatemem/main.tcl -notrace
